boto3==1.9.123
    # via -r tests/files/boto3.in
botocore==1.12.124
    # via
    #   -r tests/files/boto3.in
    #   boto3
    #   s3transfer
docutils==0.14
    # via
    #   -r tests/files/boto3.in
    #   botocore
jmespath==0.9.4
    # via
    #   -r tests/files/boto3.in
    #   boto3
    #   botocore
python-dateutil==2.8.0
    # via
    #   -r tests/files/boto3.in
    #   botocore
s3transfer==0.2.0
    # via
    #   -r tests/files/boto3.in
    #   boto3
six==1.12.0
    # via
    #   -r tests/files/boto3.in
    #   python-dateutil
urllib3==1.24.1
    # via
    #   -r tests/files/boto3.in
    #   botocore
